---
source: crates/rome_formatter_test/src/snapshot_builder.rs
info:
  test_file: typescript/conditional-types/issue-13275.ts
---

# Input

```ts
type Foo<T> = T extends ((...a: any[]) => infer R extends string) ? R : never;

```


# Prettier differences

```diff
--- Prettier
+++ Rome
@@ -1 +1 @@
-type Foo<T> = T extends (...a: any[]) => infer R extends string ? R : never;
+type Foo<T> = T extends ((...a: any[]) => infer R extends string) ? R : never;
```

# Output

```ts
type Foo<T> = T extends ((...a: any[]) => infer R extends string) ? R : never;
```


