---
source: crates/rome_js_analyze/tests/spec_tests.rs
expression: invalid.jsx
---
# Input
```js
<>
	<h1 />
	<h1>
		<TextWrapper aria-hidden />
	</h1>
	<h1>
		<div aria-hidden />
	</h1>
	<h1></h1>
</>;

```

# Diagnostics
```
invalid.jsx:2:2 lint/nursery/useHeadingContent ━━━━━━━━━━━━━━━━━━━━━━━━━━━━━━━━━━━━━━━━━━━━━━━━━━━━━

  ! Provide screen reader accessible content when using heading  elements.
  
    1 │ <>
  > 2 │ 	<h1 />
      │ 	^^^^^^
    3 │ 	<h1>
    4 │ 		<TextWrapper aria-hidden />
  
  i All headings on a page should have content that is accessible to screen readers.
  

```

```
invalid.jsx:9:2 lint/nursery/useHeadingContent ━━━━━━━━━━━━━━━━━━━━━━━━━━━━━━━━━━━━━━━━━━━━━━━━━━━━━

  ! Provide screen reader accessible content when using heading  elements.
  
     7 │ 		<div aria-hidden />
     8 │ 	</h1>
   > 9 │ 	<h1></h1>
       │ 	^^^^^^^^^
    10 │ </>;
    11 │ 
  
  i All headings on a page should have content that is accessible to screen readers.
  

```


